// Jest Snapshot v1, https://goo.gl/fbAQLP

exports[`<Posts /> should match snapshot 1`] = `
<div
  class="posts"
>
  <div
    class="post"
  >
    <img
      alt="title1"
      src="img/img.png"
    />
    <div
      class="post-content"
    >
      <h1>
        title1
         
        1
      </h1>
      <p>
        body1
      </p>
    </div>
  </div>
  <div
    class="post"
  >
    <img
      alt="title2"
      src="img/img2.png"
    />
    <div
      class="post-content"
    >
      <h1>
        title2
         
        2
      </h1>
      <p>
        body2
      </p>
    </div>
  </div>
  <div
    class="post"
  >
    <img
      alt="title3"
      src="img/img3.png"
    />
    <div
      class="post-content"
    >
      <h1>
        title3
         
        3
      </h1>
      <p>
        body3
      </p>
    </div>
  </div>
</div>
`;
